c:\users\administrator\source\repos\daemonapps\lichper\debug\vc143.pdb
c:\users\administrator\source\repos\daemonapps\lichper\debug\vc143.idb
c:\users\administrator\source\repos\daemonapps\lichper\debug\validator.obj
c:\users\administrator\source\repos\daemonapps\lichper\debug\imgui_main.obj
c:\users\administrator\source\repos\daemonapps\lichper\debug\imgui_widgets.obj
c:\users\administrator\source\repos\daemonapps\lichper\debug\imgui_tables.obj
c:\users\administrator\source\repos\daemonapps\lichper\debug\imgui_draw.obj
c:\users\administrator\source\repos\daemonapps\lichper\debug\imgui_demo.obj
c:\users\administrator\source\repos\daemonapps\lichper\debug\imgui.obj
c:\users\administrator\source\repos\daemonapps\lichper\debug\imgui_impl_win32.obj
c:\users\administrator\source\repos\daemonapps\lichper\debug\imgui_impl_dx11.obj
c:\users\administrator\source\repos\daemonapps\lichper\debug\dllmain.obj
c:\users\administrator\source\repos\daemonapps\lichper\debug\lichper.ilk
c:\users\administrator\source\repos\daemonapps\debug\lichper.dll
c:\users\administrator\source\repos\daemonapps\debug\lichper.pdb
c:\users\administrator\source\repos\daemonapps\debug\lichper.lib
c:\users\administrator\source\repos\daemonapps\debug\lichper.exp
c:\users\administrator\source\repos\daemonapps\lichper\debug\lichper.tlog\cl.command.1.tlog
c:\users\administrator\source\repos\daemonapps\lichper\debug\lichper.tlog\cl.items.tlog
c:\users\administrator\source\repos\daemonapps\lichper\debug\lichper.tlog\cl.read.1.tlog
c:\users\administrator\source\repos\daemonapps\lichper\debug\lichper.tlog\cl.write.1.tlog
c:\users\administrator\source\repos\daemonapps\lichper\debug\lichper.tlog\link.command.1.tlog
c:\users\administrator\source\repos\daemonapps\lichper\debug\lichper.tlog\link.read.1.tlog
c:\users\administrator\source\repos\daemonapps\lichper\debug\lichper.tlog\link.write.1.tlog
c:\users\administrator\source\repos\daemonapps\lichper\debug\lichper.tlog\link.write.2u.tlog
