  dllmain.cpp
  imgui_impl_dx11.cpp
  imgui_impl_win32.cpp
  imgui.cpp
  imgui_demo.cpp
  imgui_draw.cpp
  imgui_tables.cpp
  imgui_widgets.cpp
  imgui_main.cpp
C:\Users\Administrator\source\repos\DaemonApps\LicHper\imgui_main.cpp(281,86): warning C4244: “参数”: 从“int”转换到“float”，可能丢失数据
C:\Users\Administrator\source\repos\DaemonApps\LicHper\imgui_main.cpp(378,65): warning C4244: “参数”: 从“int”转换到“float”，可能丢失数据
C:\Users\Administrator\source\repos\DaemonApps\LicHper\imgui_main.cpp(378,51): warning C4244: “参数”: 从“int”转换到“float”，可能丢失数据
  validator.cpp
C:\Users\Administrator\source\repos\DaemonApps\LicHper\validator.cpp(164,39): warning C4101: “e”: 未引用的局部变量
    正在创建库 C:\Users\Administrator\source\repos\DaemonApps\Release\LicHper.lib 和对象 C:\Users\Administrator\source\repos\DaemonApps\Release\LicHper.exp
  正在生成代码
  Previous IPDB not found, fall back to full compilation.
  All 6518 functions were compiled because no usable IPDB/IOBJ from previous compilation was found.
  已完成代码的生成
cryptlibd.lib(cryptlib.obj) : warning LNK4099: 未找到 PDB“”(使用“cryptlibd.lib(cryptlib.obj)”或在“”中寻找)；正在链接对象，如同没有调试信息一样
cryptlibd.lib(cpu.obj) : warning LNK4099: 未找到 PDB“”(使用“cryptlibd.lib(cpu.obj)”或在“”中寻找)；正在链接对象，如同没有调试信息一样
cryptlibd.lib(integer.obj) : warning LNK4099: 未找到 PDB“”(使用“cryptlibd.lib(integer.obj)”或在“”中寻找)；正在链接对象，如同没有调试信息一样
cryptlibd.lib(algparam.obj) : warning LNK4099: 未找到 PDB“”(使用“cryptlibd.lib(algparam.obj)”或在“”中寻找)；正在链接对象，如同没有调试信息一样
cryptlibd.lib(allocate.obj) : warning LNK4099: 未找到 PDB“”(使用“cryptlibd.lib(allocate.obj)”或在“”中寻找)；正在链接对象，如同没有调试信息一样
cryptlibd.lib(asn.obj) : warning LNK4099: 未找到 PDB“”(使用“cryptlibd.lib(asn.obj)”或在“”中寻找)；正在链接对象，如同没有调试信息一样
cryptlibd.lib(base64.obj) : warning LNK4099: 未找到 PDB“”(使用“cryptlibd.lib(base64.obj)”或在“”中寻找)；正在链接对象，如同没有调试信息一样
cryptlibd.lib(basecode.obj) : warning LNK4099: 未找到 PDB“”(使用“cryptlibd.lib(basecode.obj)”或在“”中寻找)；正在链接对象，如同没有调试信息一样
cryptlibd.lib(des.obj) : warning LNK4099: 未找到 PDB“”(使用“cryptlibd.lib(des.obj)”或在“”中寻找)；正在链接对象，如同没有调试信息一样
cryptlibd.lib(dessp.obj) : warning LNK4099: 未找到 PDB“”(使用“cryptlibd.lib(dessp.obj)”或在“”中寻找)；正在链接对象，如同没有调试信息一样
cryptlibd.lib(dll.obj) : warning LNK4099: 未找到 PDB“”(使用“cryptlibd.lib(dll.obj)”或在“”中寻找)；正在链接对象，如同没有调试信息一样
cryptlibd.lib(ec2n.obj) : warning LNK4099: 未找到 PDB“”(使用“cryptlibd.lib(ec2n.obj)”或在“”中寻找)；正在链接对象，如同没有调试信息一样
cryptlibd.lib(ecp.obj) : warning LNK4099: 未找到 PDB“”(使用“cryptlibd.lib(ecp.obj)”或在“”中寻找)；正在链接对象，如同没有调试信息一样
cryptlibd.lib(filters.obj) : warning LNK4099: 未找到 PDB“”(使用“cryptlibd.lib(filters.obj)”或在“”中寻找)；正在链接对象，如同没有调试信息一样
cryptlibd.lib(fips140.obj) : warning LNK4099: 未找到 PDB“”(使用“cryptlibd.lib(fips140.obj)”或在“”中寻找)；正在链接对象，如同没有调试信息一样
cryptlibd.lib(gf2n.obj) : warning LNK4099: 未找到 PDB“”(使用“cryptlibd.lib(gf2n.obj)”或在“”中寻找)；正在链接对象，如同没有调试信息一样
cryptlibd.lib(gf2n_simd.obj) : warning LNK4099: 未找到 PDB“”(使用“cryptlibd.lib(gf2n_simd.obj)”或在“”中寻找)；正在链接对象，如同没有调试信息一样
cryptlibd.lib(gfpcrypt.obj) : warning LNK4099: 未找到 PDB“”(使用“cryptlibd.lib(gfpcrypt.obj)”或在“”中寻找)；正在链接对象，如同没有调试信息一样
cryptlibd.lib(hex.obj) : warning LNK4099: 未找到 PDB“”(使用“cryptlibd.lib(hex.obj)”或在“”中寻找)；正在链接对象，如同没有调试信息一样
cryptlibd.lib(hmac.obj) : warning LNK4099: 未找到 PDB“”(使用“cryptlibd.lib(hmac.obj)”或在“”中寻找)；正在链接对象，如同没有调试信息一样
cryptlibd.lib(hrtimer.obj) : warning LNK4099: 未找到 PDB“”(使用“cryptlibd.lib(hrtimer.obj)”或在“”中寻找)；正在链接对象，如同没有调试信息一样
cryptlibd.lib(iterhash.obj) : warning LNK4099: 未找到 PDB“”(使用“cryptlibd.lib(iterhash.obj)”或在“”中寻找)；正在链接对象，如同没有调试信息一样
cryptlibd.lib(misc.obj) : warning LNK4099: 未找到 PDB“”(使用“cryptlibd.lib(misc.obj)”或在“”中寻找)；正在链接对象，如同没有调试信息一样
cryptlibd.lib(modes.obj) : warning LNK4099: 未找到 PDB“”(使用“cryptlibd.lib(modes.obj)”或在“”中寻找)；正在链接对象，如同没有调试信息一样
cryptlibd.lib(mqueue.obj) : warning LNK4099: 未找到 PDB“”(使用“cryptlibd.lib(mqueue.obj)”或在“”中寻找)；正在链接对象，如同没有调试信息一样
cryptlibd.lib(nbtheory.obj) : warning LNK4099: 未找到 PDB“”(使用“cryptlibd.lib(nbtheory.obj)”或在“”中寻找)；正在链接对象，如同没有调试信息一样
cryptlibd.lib(osrng.obj) : warning LNK4099: 未找到 PDB“”(使用“cryptlibd.lib(osrng.obj)”或在“”中寻找)；正在链接对象，如同没有调试信息一样
cryptlibd.lib(pch.obj) : warning LNK4099: 未找到 PDB“”(使用“cryptlibd.lib(pch.obj)”或在“”中寻找)；正在链接对象，如同没有调试信息一样
cryptlibd.lib(primetab.obj) : warning LNK4099: 未找到 PDB“”(使用“cryptlibd.lib(primetab.obj)”或在“”中寻找)；正在链接对象，如同没有调试信息一样
cryptlibd.lib(pubkey.obj) : warning LNK4099: 未找到 PDB“”(使用“cryptlibd.lib(pubkey.obj)”或在“”中寻找)；正在链接对象，如同没有调试信息一样
cryptlibd.lib(queue.obj) : warning LNK4099: 未找到 PDB“”(使用“cryptlibd.lib(queue.obj)”或在“”中寻找)；正在链接对象，如同没有调试信息一样
cryptlibd.lib(randpool.obj) : warning LNK4099: 未找到 PDB“”(使用“cryptlibd.lib(randpool.obj)”或在“”中寻找)；正在链接对象，如同没有调试信息一样
cryptlibd.lib(rdtables.obj) : warning LNK4099: 未找到 PDB“”(使用“cryptlibd.lib(rdtables.obj)”或在“”中寻找)；正在链接对象，如同没有调试信息一样
cryptlibd.lib(rijndael.obj) : warning LNK4099: 未找到 PDB“”(使用“cryptlibd.lib(rijndael.obj)”或在“”中寻找)；正在链接对象，如同没有调试信息一样
cryptlibd.lib(rijndael_simd.obj) : warning LNK4099: 未找到 PDB“”(使用“cryptlibd.lib(rijndael_simd.obj)”或在“”中寻找)；正在链接对象，如同没有调试信息一样
cryptlibd.lib(rng.obj) : warning LNK4099: 未找到 PDB“”(使用“cryptlibd.lib(rng.obj)”或在“”中寻找)；正在链接对象，如同没有调试信息一样
cryptlibd.lib(sha.obj) : warning LNK4099: 未找到 PDB“”(使用“cryptlibd.lib(sha.obj)”或在“”中寻找)；正在链接对象，如同没有调试信息一样
cryptlibd.lib(sha_simd.obj) : warning LNK4099: 未找到 PDB“”(使用“cryptlibd.lib(sha_simd.obj)”或在“”中寻找)；正在链接对象，如同没有调试信息一样
  LicHper.vcxproj -> C:\Users\Administrator\source\repos\DaemonApps\Release\LicHper.dll
