C:\Program Files\Microsoft Visual Studio\2022\Professional\MSBuild\Microsoft\VC\v170\Microsoft.CppBuild.targets(531,5): warning MSB8028: 中间目录(x64\Release\)包含从另一个项目(AuthValidator.vcxproj)共享的文件。   这会导致错误的清除和重新生成行为。
  dllmain.cpp
  imgui_impl_dx11.cpp
  imgui_impl_win32.cpp
  imgui.cpp
  imgui_demo.cpp
  imgui_draw.cpp
  imgui_tables.cpp
  imgui_widgets.cpp
  imgui_main.cpp
C:\Users\Administrator\source\repos\DaemonApps\LicHper\imgui_main.cpp(281,86): warning C4244: “参数”: 从“int”转换到“float”，可能丢失数据
C:\Users\Administrator\source\repos\DaemonApps\LicHper\imgui_main.cpp(378,65): warning C4244: “参数”: 从“int”转换到“float”，可能丢失数据
C:\Users\Administrator\source\repos\DaemonApps\LicHper\imgui_main.cpp(378,51): warning C4244: “参数”: 从“int”转换到“float”，可能丢失数据
  validator.cpp
C:\Users\Administrator\source\repos\DaemonApps\LicHper\validator.cpp(164,39): warning C4101: “e”: 未引用的局部变量
    正在创建库 C:\Users\Administrator\source\repos\DaemonApps\x64\Release\LicHper.lib 和对象 C:\Users\Administrator\source\repos\DaemonApps\x64\Release\LicHper.exp
  正在生成代码
  Previous IPDB not found, fall back to full compilation.
  All 6271 functions were compiled because no usable IPDB/IOBJ from previous compilation was found.
  已完成代码的生成
cryptlib.lib(cryptlib.obj) : warning LNK4099: 未找到 PDB“”(使用“cryptlib.lib(cryptlib.obj)”或在“”中寻找)；正在链接对象，如同没有调试信息一样
cryptlib.lib(base64.obj) : warning LNK4099: 未找到 PDB“”(使用“cryptlib.lib(base64.obj)”或在“”中寻找)；正在链接对象，如同没有调试信息一样
cryptlib.lib(modes.obj) : warning LNK4099: 未找到 PDB“”(使用“cryptlib.lib(modes.obj)”或在“”中寻找)；正在链接对象，如同没有调试信息一样
cryptlib.lib(filters.obj) : warning LNK4099: 未找到 PDB“”(使用“cryptlib.lib(filters.obj)”或在“”中寻找)；正在链接对象，如同没有调试信息一样
cryptlib.lib(algparam.obj) : warning LNK4099: 未找到 PDB“”(使用“cryptlib.lib(algparam.obj)”或在“”中寻找)；正在链接对象，如同没有调试信息一样
cryptlib.lib(rijndael.obj) : warning LNK4099: 未找到 PDB“”(使用“cryptlib.lib(rijndael.obj)”或在“”中寻找)；正在链接对象，如同没有调试信息一样
cryptlib.lib(allocate.obj) : warning LNK4099: 未找到 PDB“”(使用“cryptlib.lib(allocate.obj)”或在“”中寻找)；正在链接对象，如同没有调试信息一样
cryptlib.lib(basecode.obj) : warning LNK4099: 未找到 PDB“”(使用“cryptlib.lib(basecode.obj)”或在“”中寻找)；正在链接对象，如同没有调试信息一样
cryptlib.lib(integer.obj) : warning LNK4099: 未找到 PDB“”(使用“cryptlib.lib(integer.obj)”或在“”中寻找)；正在链接对象，如同没有调试信息一样
cryptlib.lib(misc.obj) : warning LNK4099: 未找到 PDB“”(使用“cryptlib.lib(misc.obj)”或在“”中寻找)；正在链接对象，如同没有调试信息一样
cryptlib.lib(queue.obj) : warning LNK4099: 未找到 PDB“”(使用“cryptlib.lib(queue.obj)”或在“”中寻找)；正在链接对象，如同没有调试信息一样
cryptlib.lib(fips140.obj) : warning LNK4099: 未找到 PDB“”(使用“cryptlib.lib(fips140.obj)”或在“”中寻找)；正在链接对象，如同没有调试信息一样
cryptlib.lib(pch.obj) : warning LNK4099: 未找到 PDB“”(使用“cryptlib.lib(pch.obj)”或在“”中寻找)；正在链接对象，如同没有调试信息一样
cryptlib.lib(mqueue.obj) : warning LNK4099: 未找到 PDB“”(使用“cryptlib.lib(mqueue.obj)”或在“”中寻找)；正在链接对象，如同没有调试信息一样
cryptlib.lib(cpu.obj) : warning LNK4099: 未找到 PDB“”(使用“cryptlib.lib(cpu.obj)”或在“”中寻找)；正在链接对象，如同没有调试信息一样
cryptlib.lib(rijndael_simd.obj) : warning LNK4099: 未找到 PDB“”(使用“cryptlib.lib(rijndael_simd.obj)”或在“”中寻找)；正在链接对象，如同没有调试信息一样
cryptlib.lib(rdtables.obj) : warning LNK4099: 未找到 PDB“”(使用“cryptlib.lib(rdtables.obj)”或在“”中寻找)；正在链接对象，如同没有调试信息一样
cryptlib.lib(dll.obj) : warning LNK4099: 未找到 PDB“”(使用“cryptlib.lib(dll.obj)”或在“”中寻找)；正在链接对象，如同没有调试信息一样
cryptlib.lib(nbtheory.obj) : warning LNK4099: 未找到 PDB“”(使用“cryptlib.lib(nbtheory.obj)”或在“”中寻找)；正在链接对象，如同没有调试信息一样
cryptlib.lib(asn.obj) : warning LNK4099: 未找到 PDB“”(使用“cryptlib.lib(asn.obj)”或在“”中寻找)；正在链接对象，如同没有调试信息一样
cryptlib.lib(pubkey.obj) : warning LNK4099: 未找到 PDB“”(使用“cryptlib.lib(pubkey.obj)”或在“”中寻找)；正在链接对象，如同没有调试信息一样
cryptlib.lib(iterhash.obj) : warning LNK4099: 未找到 PDB“”(使用“cryptlib.lib(iterhash.obj)”或在“”中寻找)；正在链接对象，如同没有调试信息一样
cryptlib.lib(sha.obj) : warning LNK4099: 未找到 PDB“”(使用“cryptlib.lib(sha.obj)”或在“”中寻找)；正在链接对象，如同没有调试信息一样
cryptlib.lib(gfpcrypt.obj) : warning LNK4099: 未找到 PDB“”(使用“cryptlib.lib(gfpcrypt.obj)”或在“”中寻找)；正在链接对象，如同没有调试信息一样
cryptlib.lib(hmac.obj) : warning LNK4099: 未找到 PDB“”(使用“cryptlib.lib(hmac.obj)”或在“”中寻找)；正在链接对象，如同没有调试信息一样
cryptlib.lib(gf2n.obj) : warning LNK4099: 未找到 PDB“”(使用“cryptlib.lib(gf2n.obj)”或在“”中寻找)；正在链接对象，如同没有调试信息一样
cryptlib.lib(ec2n.obj) : warning LNK4099: 未找到 PDB“”(使用“cryptlib.lib(ec2n.obj)”或在“”中寻找)；正在链接对象，如同没有调试信息一样
cryptlib.lib(ecp.obj) : warning LNK4099: 未找到 PDB“”(使用“cryptlib.lib(ecp.obj)”或在“”中寻找)；正在链接对象，如同没有调试信息一样
cryptlib.lib(hex.obj) : warning LNK4099: 未找到 PDB“”(使用“cryptlib.lib(hex.obj)”或在“”中寻找)；正在链接对象，如同没有调试信息一样
cryptlib.lib(rng.obj) : warning LNK4099: 未找到 PDB“”(使用“cryptlib.lib(rng.obj)”或在“”中寻找)；正在链接对象，如同没有调试信息一样
cryptlib.lib(osrng.obj) : warning LNK4099: 未找到 PDB“”(使用“cryptlib.lib(osrng.obj)”或在“”中寻找)；正在链接对象，如同没有调试信息一样
cryptlib.lib(primetab.obj) : warning LNK4099: 未找到 PDB“”(使用“cryptlib.lib(primetab.obj)”或在“”中寻找)；正在链接对象，如同没有调试信息一样
cryptlib.lib(sha_simd.obj) : warning LNK4099: 未找到 PDB“”(使用“cryptlib.lib(sha_simd.obj)”或在“”中寻找)；正在链接对象，如同没有调试信息一样
cryptlib.lib(randpool.obj) : warning LNK4099: 未找到 PDB“”(使用“cryptlib.lib(randpool.obj)”或在“”中寻找)；正在链接对象，如同没有调试信息一样
cryptlib.lib(gf2n_simd.obj) : warning LNK4099: 未找到 PDB“”(使用“cryptlib.lib(gf2n_simd.obj)”或在“”中寻找)；正在链接对象，如同没有调试信息一样
cryptlib.lib(hrtimer.obj) : warning LNK4099: 未找到 PDB“”(使用“cryptlib.lib(hrtimer.obj)”或在“”中寻找)；正在链接对象，如同没有调试信息一样
  LicHper.vcxproj -> C:\Users\Administrator\source\repos\DaemonApps\x64\Release\LicHper.dll
  已复制         1 个文件。
  已复制         1 个文件。
  已复制         1 个文件。
