c:\users\administrator\source\repos\daemonapps\lichper\x64\release\vc143.pdb
c:\users\administrator\source\repos\daemonapps\lichper\x64\release\validator.obj
c:\users\administrator\source\repos\daemonapps\lichper\x64\release\imgui_main.obj
c:\users\administrator\source\repos\daemonapps\lichper\x64\release\imgui_widgets.obj
c:\users\administrator\source\repos\daemonapps\lichper\x64\release\imgui_tables.obj
c:\users\administrator\source\repos\daemonapps\lichper\x64\release\imgui_draw.obj
c:\users\administrator\source\repos\daemonapps\lichper\x64\release\imgui_demo.obj
c:\users\administrator\source\repos\daemonapps\lichper\x64\release\imgui.obj
c:\users\administrator\source\repos\daemonapps\lichper\x64\release\imgui_impl_win32.obj
c:\users\administrator\source\repos\daemonapps\lichper\x64\release\imgui_impl_dx11.obj
c:\users\administrator\source\repos\daemonapps\lichper\x64\release\dllmain.obj
c:\users\administrator\source\repos\daemonapps\x64\release\lichper.dll
c:\users\administrator\source\repos\daemonapps\lichper\x64\release\lichper.ipdb
c:\users\administrator\source\repos\daemonapps\x64\release\lichper.pdb
c:\users\administrator\source\repos\daemonapps\lichper\x64\release\lichper.iobj
c:\users\administrator\source\repos\daemonapps\x64\release\lichper.lib
c:\users\administrator\source\repos\daemonapps\x64\release\lichper.exp
c:\users\administrator\source\repos\daemonapps\lichper\x64\release\lichper.tlog\cl.command.1.tlog
c:\users\administrator\source\repos\daemonapps\lichper\x64\release\lichper.tlog\cl.items.tlog
c:\users\administrator\source\repos\daemonapps\lichper\x64\release\lichper.tlog\cl.read.1.tlog
c:\users\administrator\source\repos\daemonapps\lichper\x64\release\lichper.tlog\cl.write.1.tlog
c:\users\administrator\source\repos\daemonapps\lichper\x64\release\lichper.tlog\link.command.1.tlog
c:\users\administrator\source\repos\daemonapps\lichper\x64\release\lichper.tlog\link.read.1.tlog
c:\users\administrator\source\repos\daemonapps\lichper\x64\release\lichper.tlog\link.write.1.tlog
c:\users\administrator\source\repos\daemonapps\lichper\x64\release\lichper.tlog\link.write.2u.tlog
