2026-01-07 10:47:03.7920 [Info] - DaemonKit 已启动 
2026-01-07 10:47:03.8148 [Info] - 加载进程树.. 
2026-01-07 10:47:04.4178 [Info] - 已注册全局快捷键 
2026-01-07 10:47:04.4426 [Info] - 节能模式窗口已初始化 
2026-01-07 10:47:04.4535 [Info] - 程序启动时间: 2026/1/7 10:47:02, 是否当日首次启动: False 
2026-01-07 10:47:04.4535 [Info] - 启动进程树, Delay:500 
2026-01-07 10:47:04.6203 [Debug] - [MonitorName] 硬件ID: PHLC213 
2026-01-07 10:47:04.6203 [Debug] - [MonitorName] 成功读取EDID，长度: 128 字节 
2026-01-07 10:47:04.6203 [Debug] - [MonitorName] EDID制造商ID: PHL 
2026-01-07 10:47:04.6203 [Debug] - [MonitorName] EDID监视器名称: PHL 271V8 
2026-01-07 10:47:04.6203 [Info] - [MonitorName] 成功解析显示器名称: PHL 271V8 
2026-01-07 10:47:04.6248 [Debug] - [MonitorName] 硬件ID: PHLC213 
2026-01-07 10:47:04.6248 [Debug] - [MonitorName] 成功读取EDID，长度: 128 字节 
2026-01-07 10:47:04.6248 [Debug] - [MonitorName] EDID制造商ID: PHL 
2026-01-07 10:47:04.6248 [Debug] - [MonitorName] EDID监视器名称: PHL 271V8 
2026-01-07 10:47:04.6248 [Info] - [MonitorName] 成功解析显示器名称: PHL 271V8 
2026-01-07 10:47:04.6248 [Info] - [BrightnessCoordinator] 创建驱动: DDC/CI (标准显示器) 设备=PHL 271V8, 参数=\\?\DISPLAY#PHLC213#5&4c98cf7&0&UID4352#{e6f07b5f-ee97-4a90-b076-33f57bf4eaa7} 
2026-01-07 10:47:05.1407 [Info] - [PowerSaving] 启动时亮度设置完成: 成功 2/2 
2026-01-07 10:47:29.7361 [Debug] - [MonitorName] 硬件ID: PHLC213 
2026-01-07 10:47:29.7361 [Debug] - [MonitorName] 成功读取EDID，长度: 128 字节 
2026-01-07 10:47:29.7361 [Debug] - [MonitorName] EDID制造商ID: PHL 
2026-01-07 10:47:29.7361 [Debug] - [MonitorName] EDID监视器名称: PHL 271V8 
2026-01-07 10:47:29.7361 [Info] - [MonitorName] 成功解析显示器名称: PHL 271V8 
2026-01-07 10:47:29.7361 [Debug] - [MonitorName] 硬件ID: PHLC213 
2026-01-07 10:47:29.7361 [Debug] - [MonitorName] 成功读取EDID，长度: 128 字节 
2026-01-07 10:47:29.7361 [Debug] - [MonitorName] EDID制造商ID: PHL 
2026-01-07 10:47:29.7361 [Debug] - [MonitorName] EDID监视器名称: PHL 271V8 
2026-01-07 10:47:29.7361 [Info] - [MonitorName] 成功解析显示器名称: PHL 271V8 
2026-01-07 10:47:29.7560 [Info] - [BrightnessCoordinator] 创建驱动: DDC/CI (标准显示器) 设备=PHL 271V8, 参数=\\?\DISPLAY#PHLC213#5&4c98cf7&0&UID4352#{e6f07b5f-ee97-4a90-b076-33f57bf4eaa7} 
2026-01-07 10:47:30.3582 [Info] - [PowerSaving] 启动时亮度设置完成: 成功 2/2 
2026-01-07 10:47:30.8365 [Info] - [PowerSaving] 点击省电模式按钮，当前 IsBusy=False, IsPowerSavingMode=False 
2026-01-07 10:47:31.0711 [Info] - [PowerSaving] 后台亮度设置完成: 省电模式, 成功 2/2 
2026-01-07 10:47:38.0006 [Info] - [BrightnessCoordinator] 创建驱动: KSV LED - 网口 设备=PHL 271V8, 参数=192.168.1.100:18100 
2026-01-07 10:47:38.0006 [Debug] - [KSV-LED] SetBrightnessAsync: 输入百分比=75%, 计算后的0-255值=191 
2026-01-07 10:47:38.6324 [Debug] - [KSV-LED] SetBrightnessAsync: 输入百分比=85%, 计算后的0-255值=216 
2026-01-07 10:47:39.0652 [Debug] - [KSV-LED] SetBrightnessAsync: 输入百分比=70%, 计算后的0-255值=178 
2026-01-07 10:47:41.4633 [Debug] - [KSV-LED] SetBrightnessAsync: 输入百分比=70%, 计算后的0-255值=178 
2026-01-07 10:47:43.7816 [Debug] - [KSV-LED] SetBrightnessAsync: 输入百分比=10%, 计算后的0-255值=25 
2026-01-07 10:47:44.7978 [Debug] - [KSV-LED] SetBrightnessAsync: 输入百分比=40%, 计算后的0-255值=102 
2026-01-07 10:47:45.8548 [Debug] - [KSV-LED] SetBrightnessAsync: 输入百分比=85%, 计算后的0-255值=216 
2026-01-07 10:47:46.5262 [Debug] - [KSV-LED] SetBrightnessAsync: 输入百分比=100%, 计算后的0-255值=255 
2026-01-07 10:47:47.0065 [Debug] - [KSV-LED] SetBrightnessAsync: 输入百分比=80%, 计算后的0-255值=204 
2026-01-07 10:47:47.4472 [Debug] - [KSV-LED] SetBrightnessAsync: 输入百分比=75%, 计算后的0-255值=191 
2026-01-07 10:47:48.3332 [Info] - [PowerSaving] 点击正常模式按钮，当前 IsBusy=False, IsPowerSavingMode=True 
2026-01-07 10:47:48.3332 [Debug] - [KSV-LED] SetBrightnessAsync: 输入百分比=100%, 计算后的0-255值=255 
2026-01-07 10:47:49.0517 [Info] - [PowerSaving] 点击省电模式按钮，当前 IsBusy=False, IsPowerSavingMode=False 
2026-01-07 10:47:49.0517 [Debug] - [KSV-LED] SetBrightnessAsync: 输入百分比=75%, 计算后的0-255值=191 
2026-01-07 10:47:55.1302 [Info] - [PowerSaving] 点击正常模式按钮，当前 IsBusy=False, IsPowerSavingMode=True 
2026-01-07 10:47:55.3585 [Info] - [PowerSaving] 后台亮度设置完成: 正常模式, 成功 2/2 
2026-01-07 10:47:55.9887 [Info] - [PowerSaving] 点击省电模式按钮，当前 IsBusy=False, IsPowerSavingMode=False 
2026-01-07 10:47:56.2159 [Info] - [PowerSaving] 后台亮度设置完成: 省电模式, 成功 2/2 
2026-01-07 10:47:56.8122 [Debug] - [MonitorName] 硬件ID: PHLC213 
2026-01-07 10:47:56.8122 [Debug] - [MonitorName] 成功读取EDID，长度: 128 字节 
2026-01-07 10:47:56.8122 [Debug] - [MonitorName] EDID制造商ID: PHL 
2026-01-07 10:47:56.8122 [Debug] - [MonitorName] EDID监视器名称: PHL 271V8 
2026-01-07 10:47:56.8122 [Info] - [MonitorName] 成功解析显示器名称: PHL 271V8 
2026-01-07 10:47:56.8132 [Debug] - [MonitorName] 硬件ID: PHLC213 
2026-01-07 10:47:56.8132 [Debug] - [MonitorName] 成功读取EDID，长度: 128 字节 
2026-01-07 10:47:56.8132 [Debug] - [MonitorName] EDID制造商ID: PHL 
2026-01-07 10:47:56.8132 [Debug] - [MonitorName] EDID监视器名称: PHL 271V8 
2026-01-07 10:47:56.8132 [Info] - [MonitorName] 成功解析显示器名称: PHL 271V8 
2026-01-07 10:47:59.0262 [Warn] - [KSV-LED] TCP 设置亮度失败 (尝试 1/3): 由于连接方在一段时间后没有正确答复或连接的主机没有反应，连接尝试失败。 
2026-01-07 10:47:59.0433 [Warn] - [KSV-LED] TCP 设置亮度失败 (尝试 1/3): 由于线程退出或应用程序请求，已中止 I/O 操作。 
2026-01-07 10:47:59.0632 [Error] - [KSV-LED] 设置亮度失败: A task was canceled. 
2026-01-07 10:47:59.0632 [Warn] - [PowerSaving] 设置失败: PHL 271V8 
2026-01-07 10:47:59.6458 [Warn] - [KSV-LED] TCP 设置亮度失败 (尝试 1/3): 由于连接方在一段时间后没有正确答复或连接的主机没有反应，连接尝试失败。 
2026-01-07 10:47:59.6458 [Warn] - [KSV-LED] TCP 设置亮度失败 (尝试 2/3): 由于线程退出或应用程序请求，已中止 I/O 操作。 
2026-01-07 10:48:00.0756 [Warn] - [KSV-LED] TCP 设置亮度失败 (尝试 1/3): 由于连接方在一段时间后没有正确答复或连接的主机没有反应，连接尝试失败。 
2026-01-07 10:48:01.2828 [Info] - 配置文件保存成功. 
2026-01-07 10:48:01.2828 [Info] - [PowerSaving] 设置已保存 
2026-01-07 10:48:02.4740 [Warn] - [KSV-LED] TCP 设置亮度失败 (尝试 1/3): 由于连接方在一段时间后没有正确答复或连接的主机没有反应，连接尝试失败。 
2026-01-07 10:48:02.4740 [Warn] - [KSV-LED] TCP 设置亮度失败 (尝试 2/3): 由于线程退出或应用程序请求，已中止 I/O 操作。 
2026-01-07 10:48:04.7940 [Warn] - [KSV-LED] TCP 设置亮度失败 (尝试 1/3): 由于连接方在一段时间后没有正确答复或连接的主机没有反应，连接尝试失败。 
2026-01-07 10:48:04.8028 [Warn] - [KSV-LED] TCP 设置亮度失败 (尝试 3/3): 由于线程退出或应用程序请求，已中止 I/O 操作。 
2026-01-07 10:48:04.8028 [Error] - [KSV-LED] TCP 设置亮度失败，已重试 3 次 
2026-01-07 10:48:05.8097 [Warn] - [KSV-LED] TCP 设置亮度失败 (尝试 1/3): 由于连接方在一段时间后没有正确答复或连接的主机没有反应，连接尝试失败。 
2026-01-07 10:48:05.8182 [Warn] - [KSV-LED] TCP 设置亮度失败 (尝试 2/3): 由于线程退出或应用程序请求，已中止 I/O 操作。 
2026-01-07 10:48:06.8649 [Warn] - [KSV-LED] TCP 设置亮度失败 (尝试 1/3): 由于连接方在一段时间后没有正确答复或连接的主机没有反应，连接尝试失败。 
2026-01-07 10:48:06.8649 [Warn] - [KSV-LED] TCP 设置亮度失败 (尝试 3/3): 由于线程退出或应用程序请求，已中止 I/O 操作。 
2026-01-07 10:48:06.8649 [Error] - [KSV-LED] TCP 设置亮度失败，已重试 3 次 
2026-01-07 10:48:07.5369 [Warn] - [KSV-LED] TCP 设置亮度失败 (尝试 1/3): 由于连接方在一段时间后没有正确答复或连接的主机没有反应，连接尝试失败。 
2026-01-07 10:48:07.5369 [Warn] - [KSV-LED] TCP 设置亮度失败 (尝试 2/3): 由于线程退出或应用程序请求，已中止 I/O 操作。 
2026-01-07 10:48:08.0211 [Warn] - [KSV-LED] TCP 设置亮度失败 (尝试 1/3): 由于连接方在一段时间后没有正确答复或连接的主机没有反应，连接尝试失败。 
2026-01-07 10:48:08.4598 [Warn] - [KSV-LED] TCP 设置亮度失败 (尝试 1/3): 由于连接方在一段时间后没有正确答复或连接的主机没有反应，连接尝试失败。 
2026-01-07 10:48:08.4688 [Warn] - [KSV-LED] TCP 设置亮度失败 (尝试 3/3): 由于线程退出或应用程序请求，已中止 I/O 操作。 
2026-01-07 10:48:08.4688 [Error] - [KSV-LED] TCP 设置亮度失败，已重试 3 次 
2026-01-07 10:48:09.3479 [Warn] - [KSV-LED] TCP 设置亮度失败 (尝试 1/3): 由于连接方在一段时间后没有正确答复或连接的主机没有反应，连接尝试失败。 
2026-01-07 10:48:09.3664 [Warn] - [KSV-LED] TCP 设置亮度失败 (尝试 2/3): 由于线程退出或应用程序请求，已中止 I/O 操作。 
2026-01-07 10:48:09.3758 [Error] - [KSV-LED] 设置亮度失败: A task was canceled. 
2026-01-07 10:48:09.3758 [Warn] - [PowerSaving] 设置失败: PHL 271V8 
2026-01-07 10:48:21.1551 [Warn] - [KSV-LED] TCP 设置亮度失败 (尝试 2/3): 由于连接方在一段时间后没有正确答复或连接的主机没有反应，连接尝试失败。 
2026-01-07 10:48:21.1673 [Warn] - [KSV-LED] TCP 设置亮度失败 (尝试 3/3): 由于线程退出或应用程序请求，已中止 I/O 操作。 
2026-01-07 10:48:21.1673 [Error] - [KSV-LED] TCP 设置亮度失败，已重试 3 次 
2026-01-07 10:48:21.1673 [Warn] - [KSV-LED] TCP 设置亮度失败 (尝试 3/3): 由于连接方在一段时间后没有正确答复或连接的主机没有反应，连接尝试失败。 
2026-01-07 10:48:21.1673 [Error] - [KSV-LED] TCP 设置亮度失败，已重试 3 次 
2026-01-07 10:48:23.9888 [Warn] - [KSV-LED] TCP 设置亮度失败 (尝试 2/3): 由于连接方在一段时间后没有正确答复或连接的主机没有反应，连接尝试失败。 
2026-01-07 10:48:23.9888 [Warn] - [KSV-LED] TCP 设置亮度失败 (尝试 3/3): 由于线程退出或应用程序请求，已中止 I/O 操作。 
2026-01-07 10:48:23.9888 [Error] - [KSV-LED] TCP 设置亮度失败，已重试 3 次 
2026-01-07 10:48:27.3224 [Warn] - [KSV-LED] TCP 设置亮度失败 (尝试 2/3): 由于连接方在一段时间后没有正确答复或连接的主机没有反应，连接尝试失败。 
2026-01-07 10:48:27.3303 [Warn] - [KSV-LED] TCP 设置亮度失败 (尝试 3/3): 由于线程退出或应用程序请求，已中止 I/O 操作。 
2026-01-07 10:48:27.3303 [Error] - [KSV-LED] TCP 设置亮度失败，已重试 3 次 
2026-01-07 10:48:29.0498 [Warn] - [KSV-LED] TCP 设置亮度失败 (尝试 2/3): 由于连接方在一段时间后没有正确答复或连接的主机没有反应，连接尝试失败。 
2026-01-07 10:48:29.0498 [Warn] - [KSV-LED] TCP 设置亮度失败 (尝试 3/3): 由于线程退出或应用程序请求，已中止 I/O 操作。 
2026-01-07 10:48:29.0498 [Error] - [KSV-LED] TCP 设置亮度失败，已重试 3 次 
2026-01-07 10:48:29.5342 [Warn] - [KSV-LED] TCP 设置亮度失败 (尝试 2/3): 由于连接方在一段时间后没有正确答复或连接的主机没有反应，连接尝试失败。 
