2026-01-07 12:07:07.3467 [Info] - DaemonKit 已启动 
2026-01-07 12:07:07.3770 [Info] - 加载进程树.. 
2026-01-07 12:07:08.1623 [Info] - 已注册全局快捷键 
2026-01-07 12:07:08.1847 [Info] - 节能模式窗口已初始化 
2026-01-07 12:07:08.1963 [Info] - 程序启动时间: 2026/1/7 12:07:05, 是否当日首次启动: False 
2026-01-07 12:07:08.1963 [Info] - 启动进程树, Delay:500 
2026-01-07 12:07:08.4067 [Debug] - [MonitorName] 硬件ID: PHLC213 
2026-01-07 12:07:08.4067 [Debug] - [MonitorName] 成功读取EDID，长度: 128 字节 
2026-01-07 12:07:08.4067 [Debug] - [MonitorName] EDID制造商ID: PHL 
2026-01-07 12:07:08.4067 [Debug] - [MonitorName] EDID监视器名称: PHL 271V8 
2026-01-07 12:07:08.4067 [Info] - [MonitorName] 成功解析显示器名称: PHL 271V8 
2026-01-07 12:07:08.4067 [Debug] - [MonitorName] 硬件ID: PHLC213 
2026-01-07 12:07:08.4067 [Debug] - [MonitorName] 成功读取EDID，长度: 128 字节 
2026-01-07 12:07:08.4067 [Debug] - [MonitorName] EDID制造商ID: PHL 
2026-01-07 12:07:08.4067 [Debug] - [MonitorName] EDID监视器名称: PHL 271V8 
2026-01-07 12:07:08.4067 [Info] - [MonitorName] 成功解析显示器名称: PHL 271V8 
2026-01-07 12:07:08.4275 [Info] - [BrightnessCoordinator] 创建驱动: DDC/CI (标准显示器) 设备=PHL 271V8, 参数=\\?\DISPLAY#PHLC213#5&4c98cf7&0&UID4352#{e6f07b5f-ee97-4a90-b076-33f57bf4eaa7} 
2026-01-07 12:07:08.9050 [Info] - [PowerSaving] 启动时亮度设置完成: 成功 2/2 
2026-01-07 12:07:18.1703 [Debug] - [MonitorName] 硬件ID: PHLC213 
2026-01-07 12:07:18.1703 [Debug] - [MonitorName] 成功读取EDID，长度: 128 字节 
2026-01-07 12:07:18.1703 [Debug] - [MonitorName] EDID制造商ID: PHL 
2026-01-07 12:07:18.1703 [Debug] - [MonitorName] EDID监视器名称: PHL 271V8 
2026-01-07 12:07:18.1703 [Info] - [MonitorName] 成功解析显示器名称: PHL 271V8 
2026-01-07 12:07:18.1703 [Debug] - [MonitorName] 硬件ID: PHLC213 
2026-01-07 12:07:18.1703 [Debug] - [MonitorName] 成功读取EDID，长度: 128 字节 
2026-01-07 12:07:18.1703 [Debug] - [MonitorName] EDID制造商ID: PHL 
2026-01-07 12:07:18.1703 [Debug] - [MonitorName] EDID监视器名称: PHL 271V8 
2026-01-07 12:07:18.1703 [Info] - [MonitorName] 成功解析显示器名称: PHL 271V8 
2026-01-07 12:07:18.1881 [Info] - [BrightnessCoordinator] 创建驱动: DDC/CI (标准显示器) 设备=PHL 271V8, 参数=\\?\DISPLAY#PHLC213#5&4c98cf7&0&UID4352#{e6f07b5f-ee97-4a90-b076-33f57bf4eaa7} 
2026-01-07 12:07:18.8394 [Info] - [PowerSaving] 启动时亮度设置完成: 成功 2/2 
2026-01-07 12:07:19.3381 [Info] - [PowerSaving] 点击省电模式按钮，当前 IsBusy=False, IsPowerSavingMode=False 
2026-01-07 12:07:19.5710 [Info] - [PowerSaving] 后台亮度设置完成: 省电模式, 成功 2/2 
2026-01-07 12:07:20.2017 [Info] - [PowerSaving] 点击正常模式按钮，当前 IsBusy=False, IsPowerSavingMode=True 
2026-01-07 12:07:20.4311 [Info] - [PowerSaving] 后台亮度设置完成: 正常模式, 成功 2/2 
2026-01-07 12:07:21.4083 [Info] - 配置文件保存成功. 
2026-01-07 12:07:21.4083 [Info] - [PowerSaving] 设置已保存 
2026-01-07 12:07:28.2229 [Info] - 配置文件保存成功. 
2026-01-07 12:08:38.2047 [Info] - 空闲1分钟，自动进入省电模式 
2026-01-07 12:08:38.4353 [Info] - [PowerSaving] 后台亮度设置完成: 省电模式, 成功 2/2 
2026-01-07 12:08:48.0122 [Debug] - [MonitorName] 硬件ID: PHLC213 
2026-01-07 12:08:48.0122 [Debug] - [MonitorName] 成功读取EDID，长度: 128 字节 
2026-01-07 12:08:48.0122 [Debug] - [MonitorName] EDID制造商ID: PHL 
2026-01-07 12:08:48.0122 [Debug] - [MonitorName] EDID监视器名称: PHL 271V8 
2026-01-07 12:08:48.0122 [Info] - [MonitorName] 成功解析显示器名称: PHL 271V8 
2026-01-07 12:08:48.0122 [Debug] - [MonitorName] 硬件ID: PHLC213 
2026-01-07 12:08:48.0122 [Debug] - [MonitorName] 成功读取EDID，长度: 128 字节 
2026-01-07 12:08:48.0122 [Debug] - [MonitorName] EDID制造商ID: PHL 
2026-01-07 12:08:48.0122 [Debug] - [MonitorName] EDID监视器名称: PHL 271V8 
2026-01-07 12:08:48.0122 [Info] - [MonitorName] 成功解析显示器名称: PHL 271V8 
2026-01-07 12:08:48.0233 [Info] - [BrightnessCoordinator] 创建驱动: DDC/CI (标准显示器) 设备=PHL 271V8, 参数=\\?\DISPLAY#PHLC213#5&4c98cf7&0&UID4352#{e6f07b5f-ee97-4a90-b076-33f57bf4eaa7} 
2026-01-07 12:08:48.6791 [Info] - [PowerSaving] 启动时亮度设置完成: 成功 2/2 
2026-01-07 12:08:49.1536 [Info] - [PowerSaving] 点击省电模式按钮，当前 IsBusy=False, IsPowerSavingMode=False 
2026-01-07 12:08:49.3819 [Info] - [PowerSaving] 后台亮度设置完成: 省电模式, 成功 2/2 
2026-01-07 12:08:53.2015 [Info] - [PowerSaving] 点击正常模式按钮，当前 IsBusy=False, IsPowerSavingMode=True 
2026-01-07 12:08:53.4301 [Info] - [PowerSaving] 后台亮度设置完成: 正常模式, 成功 2/2 
2026-01-07 12:08:54.2369 [Info] - 配置文件保存成功. 
2026-01-07 12:08:54.2369 [Info] - [PowerSaving] 设置已保存 
2026-01-07 12:09:58.2045 [Info] - 空闲1分钟，自动进入省电模式 
2026-01-07 12:09:58.4335 [Info] - [PowerSaving] 后台亮度设置完成: 省电模式, 成功 2/2 
2026-01-07 12:10:08.2035 [Info] - 检测到用户活动，退出省电模式 
2026-01-07 12:10:08.4318 [Info] - [PowerSaving] 后台亮度设置完成: 正常模式, 成功 2/2 
2026-01-07 12:11:08.2047 [Info] - 空闲1分钟，自动进入省电模式 
2026-01-07 12:11:08.4347 [Info] - [PowerSaving] 后台亮度设置完成: 省电模式, 成功 2/2 
2026-01-07 12:12:48.2041 [Info] - 检测到用户活动，退出省电模式 
2026-01-07 12:12:48.4324 [Info] - [PowerSaving] 后台亮度设置完成: 正常模式, 成功 2/2 
2026-01-07 12:13:48.2034 [Info] - 空闲1分钟，自动进入省电模式 
2026-01-07 12:13:48.4307 [Info] - [PowerSaving] 后台亮度设置完成: 省电模式, 成功 2/2 
2026-01-07 12:17:38.2038 [Info] - 检测到用户活动，退出省电模式 
2026-01-07 12:17:38.4348 [Info] - [PowerSaving] 后台亮度设置完成: 正常模式, 成功 2/2 
