2026-01-07 11:09:16.8603 [Info] - DaemonKit 已启动 
2026-01-07 11:09:16.8758 [Info] - 加载进程树.. 
2026-01-07 11:09:17.5246 [Info] - 已注册全局快捷键 
2026-01-07 11:09:17.5482 [Info] - 节能模式窗口已初始化 
2026-01-07 11:09:17.5482 [Info] - 程序启动时间: 2026/1/7 11:09:15, 是否当日首次启动: False 
2026-01-07 11:09:17.5482 [Info] - 启动进程树, Delay:500 
2026-01-07 11:09:17.7093 [Debug] - [MonitorName] 硬件ID: PHLC213 
2026-01-07 11:09:17.7093 [Debug] - [MonitorName] 成功读取EDID，长度: 128 字节 
2026-01-07 11:09:17.7093 [Debug] - [MonitorName] EDID制造商ID: PHL 
2026-01-07 11:09:17.7093 [Debug] - [MonitorName] EDID监视器名称: PHL 271V8 
2026-01-07 11:09:17.7093 [Info] - [MonitorName] 成功解析显示器名称: PHL 271V8 
2026-01-07 11:09:17.7093 [Debug] - [MonitorName] 硬件ID: PHLC213 
2026-01-07 11:09:17.7093 [Debug] - [MonitorName] 成功读取EDID，长度: 128 字节 
2026-01-07 11:09:17.7093 [Debug] - [MonitorName] EDID制造商ID: PHL 
2026-01-07 11:09:17.7093 [Debug] - [MonitorName] EDID监视器名称: PHL 271V8 
2026-01-07 11:09:17.7093 [Info] - [MonitorName] 成功解析显示器名称: PHL 271V8 
2026-01-07 11:09:17.7203 [Info] - [BrightnessCoordinator] 创建驱动: DDC/CI (标准显示器) 设备=PHL 271V8, 参数=\\?\DISPLAY#PHLC213#5&4c98cf7&0&UID4352#{e6f07b5f-ee97-4a90-b076-33f57bf4eaa7} 
2026-01-07 11:09:18.2075 [Info] - [PowerSaving] 启动时亮度设置完成: 成功 2/2 
2026-01-07 11:10:25.1700 [Info] - 隐藏主面板 
2026-01-07 11:10:26.2983 [Info] - 显示主面板 
2026-01-07 11:10:28.0118 [Info] - 准备退出程序，请稍后... 
2026-01-07 11:10:28.0118 [Info] - 终止进程树.. 
2026-01-07 11:10:28.0676 [Info] - 程序已退出,再见... 
