c:\users\administrator\source\repos\daemonapps\lichper\x64\debug\vc143.pdb
c:\users\administrator\source\repos\daemonapps\lichper\x64\debug\vc143.idb
c:\users\administrator\source\repos\daemonapps\lichper\x64\debug\validator.obj
c:\users\administrator\source\repos\daemonapps\lichper\x64\debug\imgui_main.obj
c:\users\administrator\source\repos\daemonapps\lichper\x64\debug\imgui_widgets.obj
c:\users\administrator\source\repos\daemonapps\lichper\x64\debug\imgui_tables.obj
c:\users\administrator\source\repos\daemonapps\lichper\x64\debug\imgui_draw.obj
c:\users\administrator\source\repos\daemonapps\lichper\x64\debug\imgui_demo.obj
c:\users\administrator\source\repos\daemonapps\lichper\x64\debug\imgui.obj
c:\users\administrator\source\repos\daemonapps\lichper\x64\debug\imgui_impl_win32.obj
c:\users\administrator\source\repos\daemonapps\lichper\x64\debug\imgui_impl_dx11.obj
c:\users\administrator\source\repos\daemonapps\lichper\x64\debug\rendermanager.obj
c:\users\administrator\source\repos\daemonapps\lichper\x64\debug\overlayrenderer.obj
c:\users\administrator\source\repos\daemonapps\lichper\x64\debug\hookrenderer.obj
c:\users\administrator\source\repos\daemonapps\lichper\x64\debug\dxgihook.obj
c:\users\administrator\source\repos\daemonapps\lichper\x64\debug\dllmain.obj
c:\users\administrator\source\repos\daemonapps\lichper\x64\debug\watermarkrenderer.obj
c:\users\administrator\source\repos\daemonapps\x64\debug\lichper.dll
c:\users\administrator\source\repos\daemonapps\x64\debug\lichper.pdb
c:\users\administrator\source\repos\daemonapps\x64\debug\lichper.lib
c:\users\administrator\source\repos\daemonapps\x64\debug\lichper.exp
c:\users\administrator\source\repos\daemonapps\lichper\x64\debug\lichper.ilk
c:\users\administrator\source\repos\daemonapps\lichper\x64\debug\imgui_main_new.obj
c:\users\administrator\source\repos\daemonapps\lichper\x64\debug\lichper.tlog\cl.command.1.tlog
c:\users\administrator\source\repos\daemonapps\lichper\x64\debug\lichper.tlog\cl.items.tlog
c:\users\administrator\source\repos\daemonapps\lichper\x64\debug\lichper.tlog\cl.read.1.tlog
c:\users\administrator\source\repos\daemonapps\lichper\x64\debug\lichper.tlog\cl.write.1.tlog
c:\users\administrator\source\repos\daemonapps\lichper\x64\debug\lichper.tlog\link.command.1.tlog
c:\users\administrator\source\repos\daemonapps\lichper\x64\debug\lichper.tlog\link.read.1.tlog
c:\users\administrator\source\repos\daemonapps\lichper\x64\debug\lichper.tlog\link.secondary.1.tlog
c:\users\administrator\source\repos\daemonapps\lichper\x64\debug\lichper.tlog\link.write.1.tlog
