2024-07-13 09:00:13.6250 Info File Sharer Server - Loading  
2024-07-13 09:00:13.6714 Info File Sharer Server - Listening  
2024-07-13 09:08:38.8321 Info File Sharer Server - Loading  
2024-07-13 09:08:38.8770 Info File Sharer Server - Listening  
2024-07-13 09:29:40.1638 Info File Sharer Server - Loading  
2024-07-13 09:29:40.2362 Info File Sharer Server - Listening  
2024-07-13 09:45:17.1176 Info File Sharer Server - Loading  
2024-07-13 09:45:17.1592 Info File Sharer Server - Listening  
2024-07-13 10:49:52.2434 Info File Sharer Server - Loading  
2024-07-13 10:49:52.2617 Info File Sharer Server - Listening  
2024-07-13 10:50:46.3222 Info File Sharer Server - Loading  
2024-07-13 10:50:46.3590 Info File Sharer Server - Listening  
2024-07-13 10:59:20.7702 Info File Sharer Server - Loading  
2024-07-13 10:59:20.8092 Info File Sharer Server - Listening  
2024-07-13 13:29:56.8765 Info File Sharer Server - Loading  
2024-07-13 13:29:56.9234 Info File Sharer Server - Listening  
2024-07-13 13:35:25.3682 Info File Sharer Server - Loading  
2024-07-13 13:35:25.4161 Info File Sharer Server - Listening  
2024-07-13 13:51:43.4669 Info File Sharer Server - Loading  
2024-07-13 13:51:43.5092 Info File Sharer Server - Listening  
2024-07-13 13:51:52.6802 Info File Sharer Server - Loading  
2024-07-13 13:51:52.7239 Info File Sharer Server - Listening  
2024-07-13 13:52:28.0901 Info File Sharer Server - Loading  
2024-07-13 13:52:28.1236 Info File Sharer Server - Listening  
2024-07-13 13:53:48.7909 Info File Sharer Server - Loading  
2024-07-13 13:53:48.8360 Info File Sharer Server - Listening  
2024-07-13 13:55:43.3924 Info File Sharer Server - Loading  
2024-07-13 13:55:43.4246 Info File Sharer Server - Listening  
2024-07-13 13:57:39.2736 Info File Sharer Server - Loading  
2024-07-13 13:57:39.3190 Info File Sharer Server - Listening  
2024-07-13 13:58:24.0815 Info File Sharer Server - Loading  
2024-07-13 13:58:24.1208 Info File Sharer Server - Listening  
2024-07-13 13:59:17.8967 Info File Sharer Server - Loading  
2024-07-13 13:59:17.9347 Info File Sharer Server - Listening  
2024-07-13 13:59:50.9063 Info File Sharer Server - Loading  
2024-07-13 13:59:50.9466 Info File Sharer Server - Listening  
2024-07-13 14:00:19.4548 Info File Sharer Server - Loading  
2024-07-13 14:00:19.4925 Info File Sharer Server - Listening  
2024-07-13 14:03:21.6743 Info File Sharer Server - Loading  
2024-07-13 14:03:21.7064 Info File Sharer Server - Listening  
2024-07-13 14:14:58.2860 Info File Sharer Server - Loading  
2024-07-13 14:14:58.3193 Info File Sharer Server - Listening  
2024-07-13 14:18:11.6376 Info File Sharer Server - Loading  
2024-07-13 14:18:11.6752 Info File Sharer Server - Listening  
2024-07-13 14:19:28.6066 Info File Sharer Server - Loading  
2024-07-13 14:19:28.6392 Info File Sharer Server - Listening  
2024-07-13 14:24:35.1291 Info File Sharer Server - Loading  
2024-07-13 14:24:35.1731 Info File Sharer Server - Listening  
2024-07-13 14:44:01.1254 Info File Sharer Server - Loading  
2024-07-13 14:44:01.1671 Info File Sharer Server - Listening  
2024-07-13 14:49:31.8426 Info File Sharer Server - Loading  
2024-07-13 14:49:31.8777 Info File Sharer Server - Listening  
2024-07-13 14:49:35.4018 Info Shared new file: http://disk.andcrane.com/file_sharer/WIN_20220917_09_50_31_Pro.jpg  
2024-07-13 14:50:33.9793 Info File Sharer Server - Loading  
2024-07-13 14:50:34.0124 Info File Sharer Server - Listening  
2024-07-13 14:52:03.7204 Info File Sharer Server - Loading  
2024-07-13 14:52:03.7544 Info File Sharer Server - Listening  
2024-07-13 14:55:17.2544 Info File Sharer Server - Loading  
2024-07-13 14:55:17.2978 Info File Sharer Server - Listening  
2024-07-13 14:56:26.4334 Info File Sharer Server - Loading  
2024-07-13 14:56:26.4725 Info File Sharer Server - Listening  
2024-07-13 14:56:43.0997 Info Shared new file: http://disk.andcrane.com/file_sharer/Snipaste_2023-09-18_11-27-01.png  
2024-07-13 14:57:18.7300 Info Shared new file: http://disk.andcrane.com/file_sharer/2.jpg  
2024-07-13 14:58:10.9735 Info Shared new file: http://disk.andcrane.com/file_sharer/DemoApp.zip  
2024-07-13 15:04:36.5493 Info File Sharer Server - Loading  
2024-07-13 15:04:36.5904 Info File Sharer Server - Listening  
2024-07-13 15:13:21.3972 Info File Sharer Server - Loading  
2024-07-13 15:13:21.4315 Info File Sharer Server - Listening  
2024-07-13 15:15:36.4806 Info File Sharer Server - Loading  
2024-07-13 15:15:36.5317 Info File Sharer Server - Listening  
2024-07-13 15:18:21.7911 Info File Sharer Server - Loading  
2024-07-13 15:18:21.8318 Info File Sharer Server - Listening  
2024-07-13 15:21:13.9359 Info File Sharer Server - Loading  
2024-07-13 15:21:13.9704 Info File Sharer Server - Listening  
2024-07-13 15:22:00.8063 Info File Sharer Server - Loading  
2024-07-13 15:22:00.8521 Info File Sharer Server - Listening  
2024-07-13 15:22:58.9203 Warn clicked....  
2024-07-13 15:23:01.6488 Warn clicked....  
2024-07-13 15:23:04.2622 Warn clicked....  
2024-07-13 15:23:06.2567 Warn clicked....  
2024-07-13 15:23:08.4515 Warn clicked....  
2024-07-13 15:24:33.8954 Info File Sharer Server - Loading  
2024-07-13 15:24:33.8954 Info File Sharer Server - Listening  
2024-07-13 15:25:18.9066 Info File Sharer Server - Loading  
2024-07-13 15:25:18.9212 Info File Sharer Server - Listening  
2024-07-13 15:27:20.6317 Info File Sharer Server - Loading  
2024-07-13 15:27:20.6442 Info File Sharer Server - Listening  
2024-07-13 15:28:17.9704 Info File Sharer Server - Loading  
2024-07-13 15:28:17.9841 Info File Sharer Server - Listening  
2024-07-13 15:29:45.1138 Info File Sharer Server - Loading  
2024-07-13 15:29:45.1138 Info File Sharer Server - Listening  
2024-07-13 15:34:11.1489 Info File Sharer Server - Loading  
2024-07-13 15:34:11.1623 Info File Sharer Server - Listening  
2024-07-13 15:35:36.9852 Info File Sharer Server - Loading  
2024-07-13 15:35:37.0004 Info File Sharer Server - Listening  
2024-07-13 15:35:52.7062 Warn clicked....  
2024-07-13 15:36:06.0778 Warn clicked....  
2024-07-13 15:36:14.1171 Info File Sharer Server - Loading  
2024-07-13 15:36:14.1307 Info File Sharer Server - Listening  
2024-07-13 15:40:35.2157 Info File Sharer Server - Loading  
2024-07-13 15:40:35.2311 Info File Sharer Server - Listening  
2024-07-13 15:44:12.2305 Warn clicked....  
2024-07-13 15:44:22.5821 Info File Sharer Server - Loading  
2024-07-13 15:44:22.5821 Info File Sharer Server - Listening  
2024-07-13 15:45:48.4647 Warn clicked....  
2024-07-13 15:46:34.8623 Warn clicked....  
2024-07-13 15:47:46.8272 Warn clicked....  
2024-07-13 15:49:24.7684 Info File Sharer Server - Loading  
2024-07-13 15:49:24.7816 Info File Sharer Server - Listening  
2024-07-13 15:50:21.9967 Warn clicked....  
2024-07-13 15:51:39.9976 Info File Sharer Server - Loading  
2024-07-13 15:51:40.0140 Info File Sharer Server - Listening  
2024-07-13 15:52:58.4750 Info File Sharer Server - Loading  
2024-07-13 15:52:58.4750 Info File Sharer Server - Listening  
2024-07-13 15:54:18.9737 Info File Sharer Server - Loading  
2024-07-13 15:54:18.9879 Info File Sharer Server - Listening  
2024-07-13 15:55:31.1628 Info File Sharer Server - Loading  
2024-07-13 15:55:31.1766 Info File Sharer Server - Listening  
2024-07-13 15:56:51.8369 Info File Sharer Server - Loading  
2024-07-13 15:56:51.8527 Info File Sharer Server - Listening  
2024-07-13 15:57:51.9926 Info File Sharer Server - Loading  
2024-07-13 15:57:52.0051 Info File Sharer Server - Listening  
2024-07-13 16:02:53.0330 Info File Sharer Server - Loading  
2024-07-13 16:02:53.0456 Info File Sharer Server - Listening  
2024-07-13 16:03:48.6682 Info File Sharer Server - Loading  
2024-07-13 16:03:48.6810 Info File Sharer Server - Listening  
2024-07-13 16:03:51.7313 Warn clicked....  
2024-07-13 16:04:51.5813 Info File Sharer Server - Loading  
2024-07-13 16:04:51.5950 Info File Sharer Server - Listening  
2024-07-13 16:04:56.3146 Warn clicked....  
2024-07-13 16:04:59.4674 Warn clicked....  
2024-07-13 16:20:10.3721 Warn clicked....  
2024-07-13 16:33:06.8750 Info File Sharer Server - Loading  
2024-07-13 16:33:06.8923 Info File Sharer Server - Listening  
2024-07-13 16:40:56.9517 Info File Sharer Server - Loading  
2024-07-13 16:40:56.9667 Info File Sharer Server - Listening  
2024-07-13 16:41:02.1322 Warn clicked....  
2024-07-13 16:44:25.9777 Warn clicked....  
2024-07-13 17:01:54.7445 Info File Sharer Server - Loading  
2024-07-13 17:01:54.7596 Info File Sharer Server - Listening  
2024-07-13 17:09:50.9887 Info File Sharer Server - Loading  
2024-07-13 17:09:50.9887 Info File Sharer Server - Listening  
2024-07-13 17:10:12.8399 Info File Sharer Server - Loading  
2024-07-13 17:10:12.8522 Info File Sharer Server - Listening  
2024-07-13 17:22:28.7231 Info File Sharer Server - Loading  
2024-07-13 17:22:28.7231 Info File Sharer Server - Listening  
2024-07-13 17:29:26.2143 Info File Sharer Server - Loading  
2024-07-13 17:29:26.2297 Info File Sharer Server - Listening  
2024-07-13 17:38:17.3159 Info File Sharer Server - Loading  
2024-07-13 17:38:17.3298 Info File Sharer Server - Listening  
